app/api/reportes/exportar/excel/route.ts(88,7): error TS2740: Type 'Buffer<ArrayBufferLike>' is missing the following properties from type 'Buffer': maxByteLength, resizable, resize, detached, and 2 more.
app/api/reportes/exportar/pendientes-excel/route.ts(67,7): error TS2740: Type 'Buffer<ArrayBufferLike>' is missing the following properties from type 'Buffer': maxByteLength, resizable, resize, detached, and 2 more.
